P6-B Backup drill -- 2026-09-02T19:50:00+00:00 (DDIA cap3/5)
pg_dump RC0 has CREATE TABLE=true size~1262B
BGSAVE ok=true out=Background saving started  Warning: Using a password with '-a' or '-u' option on the command line interface may not be
audit_fallback exists=False
0 path=data/audit_fallback.jsonl
--- pg_dump head ---
PG_RC 0
--
-- PostgreSQL database dump
--

-- Dumped from database version 15.4 (Debian 15.4-2.pgdg120+1)
-- Dumped by pg_dump version 15.4 (Debian 15.4-2.pgdg120+1)

SET statement_timeout = 0;
SET lock_timeout = 0;
SET idle_in_transaction_session_timeout = 0;
SET client_encoding = 'UTF8';
SET standard_conforming_strings = on;
SELECT pg_catalog.set_config('search_path', '', false);
SET check_function_bodies = false;
SET xmloption = content;
SET client_min_messages = warning;
SET row_security = off;

--
-- Name: vector; Type: EXTENSION; Schema: -; Owner: -
--

CREATE EXTENSION IF NOT EXISTS vector WITH SCHEMA public;


--
-- Name: EXTENSION vector; Type: COMMENT; Schema: -; Owner: -
--

COMMENT ON EXTENSION vector IS 'vector data type and ivfflat and hnsw acces
--- BGSAVE ---
Background saving started

Warning: Using a password with '-a' or '-u' option on the command line interface may not be safe.

RC 0
